 WARN  `node_modules` is present. Lockfile only installation will make it out-of-date
Progress: resolved 1, reused 0, downloaded 0, added 0
 WARN  deprecated eslint@9.39.0: This version is no longer supported. Please see https://eslint.org/version-support for other options.
Progress: resolved 22, reused 0, downloaded 0, added 0
Progress: resolved 37, reused 0, downloaded 0, added 0
Progress: resolved 63, reused 0, downloaded 0, added 0
Progress: resolved 105, reused 0, downloaded 0, added 0
 WARN  deprecated react-grid-layout@1.5.2: Ships stray files that were never in the repo: an ip_fetcher binary and its curl-sample source (1.5.0-1.5.3), plus a yarn-error.log containing local paths (1.5.3). Upgrade to 1.5.4, which is byte-identical apart from removing them. See https://github.com/react-grid-layout/react-grid-layout/issues/2269
 WARN  deprecated recharts@2.15.4: 1.x and 2.x branches are no longer active. Bump to Recharts v3 to receive latest features and bugfixes. See https://github.com/recharts/recharts/wiki/3.0-migration-guide
Progress: resolved 127, reused 0, downloaded 0, added 0
Progress: resolved 128, reused 0, downloaded 0, added 0
Progress: resolved 176, reused 0, downloaded 0, added 0
Progress: resolved 221, reused 0, downloaded 0, added 0
Progress: resolved 244, reused 0, downloaded 0, added 0
Progress: resolved 270, reused 0, downloaded 0, added 0
Progress: resolved 290, reused 0, downloaded 0, added 0
Progress: resolved 308, reused 0, downloaded 0, added 0
Progress: resolved 330, reused 0, downloaded 0, added 0
Progress: resolved 370, reused 0, downloaded 0, added 0
Progress: resolved 394, reused 0, downloaded 0, added 0
Progress: resolved 443, reused 0, downloaded 0, added 0
Progress: resolved 483, reused 0, downloaded 0, added 0
Progress: resolved 522, reused 0, downloaded 0, added 0
Progress: resolved 553, reused 0, downloaded 0, added 0
Progress: resolved 582, reused 0, downloaded 0, added 0
Progress: resolved 622, reused 0, downloaded 0, added 0
Progress: resolved 651, reused 0, downloaded 0, added 0
Progress: resolved 690, reused 0, downloaded 0, added 0
Progress: resolved 710, reused 0, downloaded 0, added 0
Progress: resolved 733, reused 0, downloaded 0, added 0
Progress: resolved 801, reused 0, downloaded 0, added 0
Progress: resolved 851, reused 0, downloaded 0, added 0
Progress: resolved 911, reused 0, downloaded 0, added 0
Progress: resolved 927, reused 0, downloaded 0, added 0
Progress: resolved 959, reused 0, downloaded 0, added 0
Progress: resolved 995, reused 0, downloaded 0, added 0
Progress: resolved 1052, reused 0, downloaded 0, added 0
Progress: resolved 1126, reused 0, downloaded 0, added 0
Progress: resolved 1170, reused 0, downloaded 0, added 0
Progress: resolved 1208, reused 0, downloaded 0, added 0
Progress: resolved 1219, reused 0, downloaded 0, added 0
 WARN  2 deprecated subdependencies found: @ungap/structured-clone@1.3.0, source-map@0.8.0-beta.0
Progress: resolved 1222, reused 0, downloaded 0, added 0
Progress: resolved 1222, reused 0, downloaded 0, added 0, done

 WARN  Issues with peer dependencies found
.
└─┬ @clerk/nextjs 7.4.3
  ├── ✕ unmet peer react@"^18.0.0 || ~19.0.3 || ~19.1.4 || ~19.2.3 || ~19.3.0-0": found 19.2.1
  ├── ✕ unmet peer react-dom@"^18.0.0 || ~19.0.3 || ~19.1.4 || ~19.2.3 || ~19.3.0-0": found 19.2.1
  └─┬ @clerk/react 6.7.3
    ├── ✕ unmet peer react@"^18.0.0 || ~19.0.3 || ~19.1.4 || ~19.2.3 || ~19.3.0-0": found 19.2.1
    ├── ✕ unmet peer react-dom@"^18.0.0 || ~19.0.3 || ~19.1.4 || ~19.2.3 || ~19.3.0-0": found 19.2.1
    └─┬ @clerk/shared 4.15.0
      ├── ✕ unmet peer react@"^18.0.0 || ~19.0.3 || ~19.1.4 || ~19.2.3 || ~19.3.0-0": found 19.2.1
      └── ✕ unmet peer react-dom@"^18.0.0 || ~19.0.3 || ~19.1.4 || ~19.2.3 || ~19.3.0-0": found 19.2.1

Done in 40.3s
exit_code=0
